Copyright 1986-2015 Xilinx, Inc. All Rights Reserved.
------------------------------------------------------------------------------------
| Tool Version : Vivado v.2015.2 (lin64) Build 1266856 Fri Jun 26 16:35:25 MDT 2015
| Date         : Wed Nov  4 00:06:56 2015
| Host         : asbestos running 64-bit Gentoo Base System release 2.2
| Command      : report_control_sets -verbose -file nexys4_control_sets_placed.rpt
| Design       : nexys4
| Device       : xc7a100t
------------------------------------------------------------------------------------

Control Set Information

Table of Contents
-----------------
1. Summary
2. Flip-Flop Distribution
3. Detailed Control Set Information

1. Summary
----------

+-------------------------------------------------------------------+-------+
|                               Status                              | Count |
+-------------------------------------------------------------------+-------+
| Number of unique control sets                                     |    10 |
| Minimum Number of register sites lost to control set restrictions |    37 |
+-------------------------------------------------------------------+-------+


2. Flip-Flop Distribution
-------------------------

+--------------+-----------------------+------------------------+-----------------+--------------+
| Clock Enable | Synchronous Set/Reset | Asynchronous Set/Reset | Total Registers | Total Slices |
+--------------+-----------------------+------------------------+-----------------+--------------+
| No           | No                    | No                     |              11 |            5 |
| No           | No                    | Yes                    |               0 |            0 |
| No           | Yes                   | No                     |              22 |            6 |
| Yes          | No                    | No                     |              63 |           25 |
| Yes          | No                    | Yes                    |               0 |            0 |
| Yes          | Yes                   | No                     |              19 |            6 |
+--------------+-----------------------+------------------------+-----------------+--------------+


3. Detailed Control Set Information
-----------------------------------

+---------------------------------+-------------------------------+----------------------------------+------------------+----------------+
|           Clock Signal          |         Enable Signal         |         Set/Reset Signal         | Slice Load Count | Bel Load Count |
+---------------------------------+-------------------------------+----------------------------------+------------------+----------------+
|  clocks/someclocks/inst/mclk    |                               |                                  |                1 |              2 |
| ~clocks/serialclkgen/JA_OBUF[0] | codecbus/count[4]_i_2__0_n_0  | codecbus/count[4]_i_1__3_n_0     |                1 |              4 |
| ~clocks/someclocks/inst/bclk    |                               |                                  |                2 |              4 |
| ~clocks/serialclkgen/JA_OBUF[0] |                               |                                  |                2 |              5 |
|  clocks/someclocks/inst/mclk    | clocks/lrclkgen/JA_OBUF[0]    |                                  |                4 |              6 |
|  clocks/someclocks/inst/mclk    | codecfsm/PDN_i_1_n_0          |                                  |                3 |             11 |
| ~clocks/serialclkgen/JA_OBUF[0] | codecbus/shiftreg[15]_i_2_n_0 | codecbus/shiftreg[15]_i_1__0_n_0 |                5 |             15 |
|  clocks/someclocks/inst/mclk    | codecfsm/curstate[20]_i_1_n_0 |                                  |                7 |             21 |
|  clocks/someclocks/inst/mclk    |                               | RESET_IBUF                       |                6 |             22 |
| ~clocks/someclocks/inst/bclk    | noisemaker/count[4]_i_1_n_0   |                                  |               11 |             25 |
+---------------------------------+-------------------------------+----------------------------------+------------------+----------------+


